Test 'for-loop'
  Level: CORE
  Input: main.c.i
  Output: main.c.out
  Options: 
  Results:
    ^EXIT=0$
    ^SIGNAL=0$
    ^VERIFICATION SUCCESSFUL$
    --
    ^warning: ignoring
Running /home/rasika/Downloads/cbmc-cbmc-5.8/src/cbmc/cbmc  main.c.i >main.c.out 2>&1
  Exit: 6
  Signal: 0
  Core: 0
Execution [OK]
^EXIT=0\r\\?$ [FAILED]
^SIGNAL=0\r\\?$ [OK]
^VERIFICATION SUCCESSFUL\r\\?$ [FAILED]
^warning: ignoring [OK]

Test 'if1'
  Level: CORE
  Input: main.c.i
  Output: main.c.out
  Options: 
  Results:
    ^EXIT=0$
    ^SIGNAL=0$
    ^VERIFICATION SUCCESSFUL$
    --
    ^warning: ignoring
Running /home/rasika/Downloads/cbmc-cbmc-5.8/src/cbmc/cbmc  main.c.i >main.c.out 2>&1
  Exit: 0
  Signal: 0
  Core: 0
Execution [OK]
^EXIT=0\r\\?$ [OK]
^SIGNAL=0\r\\?$ [OK]
^VERIFICATION SUCCESSFUL\r\\?$ [OK]
^warning: ignoring [OK]

